#
# A fatal error has been detected by the Java Runtime Environment:
#
#  SIGSEGV (0xb) at pc=0x00000001095f8b70, pid=20903, tid=259
#
# JRE version: OpenJDK Runtime Environment JBR-17.0.14+1-1367.22-jcef (17.0.14+1) (build 17.0.14+1-b1367.22)
# Java VM: OpenJDK 64-Bit Server VM JBR-17.0.14+1-1367.22-jcef (17.0.14+1-b1367.22, mixed mode, sharing, tiered, compressed oops, compressed class ptrs, g1 gc, bsd-aarch64)
# Problematic frame:
# C  [libpathland_qt.dylib+0x14b70]  _RNvNtCs4bL4lQFDCRP_11pathland_qt3run9pump_once+0x24
#
# No core dump will be written. Core dumps have been disabled. To enable core dumping, try "ulimit -c unlimited" before starting Java again
#
# If you would like to submit a bug report, please visit:
#   https://youtrack.jetbrains.com/issues/JBR
#

---------------  S U M M A R Y ------------

Command Line: -Dpathland.core.lib=/Users/michael/Development/michaelkrog/Pathland/lib/rust/target/debug/libpathland_core.dylib -Dpathland.qt.lib=/Users/michael/Development/michaelkrog/Pathland/lib/rust/target/debug/libpathland_qt.dylib com.pathland.demo.qt.QtHost

Host: "MacBookPro18,2" arm64, 10 cores, 32G, Darwin 25.6.0, macOS 26.6 (25G72)
Time: Thu Sep 24 08:11:07 2026 CEST elapsed time: 7.718642 seconds (0d 0h 0m 7s)

---------------  T H R E A D  ---------------

Current thread is native thread

Stack: [0x000000016b064000,0x000000016b860000],  sp=0x000000016b85c200,  free space=8160k
Native frames: (J=compiled Java code, j=interpreted, Vv=VM code, C=native code)
C  [libpathland_qt.dylib+0x14b70]  _RNvNtCs4bL4lQFDCRP_11pathland_qt3run9pump_once+0x24
C  [libpathland_qt.dylib+0x147e0]  _RNvNtCs4bL4lQFDCRP_11pathland_qt3run7qt_tick+0x84
C  [libpathland_qt.dylib+0x41e08]  pathland_qt_layer_init::$_1::operator()() const+0x34
C  [libpathland_qt.dylib+0x41dc8]  QtPrivate::FunctorCall<std::__1::integer_sequence<unsigned long>, QtPrivate::List<>, void, pathland_qt_layer_init::$_1>::call(pathland_qt_layer_init::$_1&, void**)::'lambda'()::operator()() const+0x1c
C  [libpathland_qt.dylib+0x41da0]  void QtPrivate::FunctorCallBase::call_internal<void, QtPrivate::FunctorCall<std::__1::integer_sequence<unsigned long>, QtPrivate::List<>, void, pathland_qt_layer_init::$_1>::call(pathland_qt_layer_init::$_1&, void**)::'lambda'()>(void**, QtPrivate::FunctorCall<std::__1::integer_sequence<unsigned long>, QtPrivate::List<>, void, pathland_qt_layer_init::$_1>::call(pathland_qt_layer_init::$_1&, void**)::'lambda'()&&)+0x1c
C  [libpathland_qt.dylib+0x41d78]  QtPrivate::FunctorCall<std::__1::integer_sequence<unsigned long>, QtPrivate::List<>, void, pathland_qt_layer_init::$_1>::call(pathland_qt_layer_init::$_1&, void**)+0x28
C  [libpathland_qt.dylib+0x41cf8]  void QtPrivate::FunctorCallable<pathland_qt_layer_init::$_1>::call<QtPrivate::List<>, void>(pathland_qt_layer_init::$_1&, void*, void**)+0x24
C  [libpathland_qt.dylib+0x41c90]  QtPrivate::QCallableObject<pathland_qt_layer_init::$_1, QtPrivate::List<>, void>::impl(int, QtPrivate::QSlotObjectBase*, QObject*, void**, bool*)+0xa8
C  [QtCore+0xcb498]